           B        A
 A         B        B
 A         B        A
 A         B        B
           B

 A         B        A
 A         B        B
 A         B        A
           B        B
           B

 +-----------------------+
 |                       |
 |                       |
 |                       |
 |                       |
 |                       |
 |          ABC          |
 |                       |
 |                       |
 |                       |
 |                       |
 |                       |
 +-----------------------+

 +---------------------------+
 | +-----------------------+ |
 | |                       | |
 | |                       | |
 | |                       | |
 | |                       | |
 | |                       | |
 | |          ABC          | |
 | |                       | |
 | |                       | |
 | |                       | |
 | |                       | |
 | |                       | |
 | +-----------------------+ |
 +---------------------------+

 A
 AARDVARK
 ABC
 +----------+
 |          |           +------+
 |          |           |      |
 |    N1    |-----------|  N2  |
 |          |           |      |
 |          |           +------+
 +----------+              |
      |                    |
      |                    |
      |                    |
    +----+                 |
    |    |        +------------------+
    |    |        |                  |
    |    |        |                  |
    | N3 |--------|        N4        |
    |    |        |                  |
    |    |        |                  |
    |    |        +------------------+
    +----+
