 
 a / b
 
  a
 ---
  b
 
 ===
 
 (A + B) * (-C)
 
 (A + B) (-C)
 
 ===
 
 1/ (1 + 1/x)
 
     1
 ---------
       1
  1 + ---
       x
 
 ===
 
 1 / (1 + 1 / (1 + 1 / (1 + 1 / (1 + 1 / (1 + 1 / (1 + 1 / x))))))
 
                    1
 ---------------------------------------
                      1
  1 + ---------------------------------
                        1
       1 + ---------------------------
                          1
            1 + ---------------------
                            1
                 1 + ---------------
                              1
                      1 + ---------
                                1
                           1 + ---
                                x
 
 ===
 
 D * (F / G) / DZ = (G * (DF / DZ) - F * (DG / DZ)) / G ** 2
 
     F         DF       DG
  D ---     G ---- - F ----
     G         DZ       DZ
 ------- = -----------------
   DZ              2
                  G
 
 ===
 
 1/(1+T)=1 - T + T**2 - T**3 + ... + (-1)**N*T**N
 
     1                2    3             N  N
 --------- = 1 - T + T  - T  + ... + (-1)  T
  (1 + T)
 
 ===
