 
 
 
     *
 
 
 
 
====
H: '' V: ''
 
 
 
     *
 
 
 
 
====
H: 'RIGHT' V: ''
 
 
 
          *
 
 
 
 
====
H: 'LEFT' V: ''
 
 
 
 *
 
 
 
 
====
H: '' V: 'TOP'
     *
 
 
 
 
 
 
 
====
H: 'RIGHT' V: 'TOP'
          *
 
 
 
 
 
 
 
====
H: 'LEFT' V: 'TOP'
 *
 
 
 
 
 
 
 
====
H: '' V: 'BOTTOM'
 
 
 
 
 
 
 
     *
====
H: 'RIGHT' V: 'BOTTOM'
 
 
 
 
 
 
 
          *
====
H: 'LEFT' V: 'BOTTOM'
 
 
 
 
 
 
 
 *
