1
        1 A
        2 B
        3 C
        3 D
        2 E
1
 
 
 
 
 
 
 
 
 
 
 
 
 
 
 
 
 
 
 
 
                                                                     _____
+                                                                      |
                                                                    |     |
                                                                    |  A  |
                                                                    |_____|
                                                                      | |
                                                                      | |
                                                                  ____| |
                                                                 |      |
                                                                 |      |
                                                               _____
+                                                                |
                                                              |     |   E
                                                              |  B  |
                                                              |_____|
                                                                | |
                                                                | |
                                                               _| |
                                                              |   |
                                                              |   |
 
                                                              C   D
 
 
 
 
 
 
 
 
 
 
 
 
 
 
 
 
 
 
 
 
