ftrace.sno:16 stmt 16: level 0 call of A(), time = xxx
ftrace.sno:10 stmt 10: level 1 call of B(), time = xxx
ftrace.sno:11 stmt 11: level 2 call of C(), time = xxx
ftrace.sno:12 stmt 12: level 3 call of D(), time = xxx
ftrace.sno:14 stmt 14: level 3 RETURN of D = '', time = xxx
ftrace.sno:13 stmt 13: level 3 call of D(), time = xxx
ftrace.sno:14 stmt 14: level 3 RETURN of D = '', time = xxx
ftrace.sno:13 stmt 13: level 2 RETURN of C = '', time = xxx
ftrace.sno:11 stmt 11: level 1 RETURN of B = '', time = xxx
ftrace.sno:10 stmt 10: level 0 RETURN of A = '', time = xxx
