LLE('','')
LEQ('','')
LGE('','')
IDENT('','')
LLE('a','a')
LEQ('a','a')
LGE('a','a')
IDENT('a','a')
LNE('a','')
LGT('a','')
LGE('a','')
DIFFER('a','')
LLT('','a')
LLE('','a')
LNE('','a')
DIFFER('','a')
LLT('a','z')
LLE('a','z')
LNE('a','z')
DIFFER('a','z')
LNE('z','a')
LGT('z','a')
LGE('z','a')
DIFFER('z','a')
LLE(1,'1')
LEQ(1,'1')
LGE(1,'1')
DIFFER(1,'1')
LLE('1',1)
LEQ('1',1)
LGE('1',1)
DIFFER('1',1)
LLT(1,'2')
LLE(1,'2')
LNE(1,'2')
DIFFER(1,'2')
LNE('2',1)
LGT('2',1)
LGE('2',1)
DIFFER('2',1)
LNE(2,'1')
LGT(2,'1')
LGE(2,'1')
DIFFER(2,'1')
LLT('1',2)
LLE('1',2)
LNE('1',2)
DIFFER('1',2)
