Solution number 1 is:
---Q- 
-Q--- 
----Q 
--Q-- 
Q---- 
Solution number 2 is:
--Q-- 
----Q 
-Q--- 
---Q- 
Q---- 
Solution number 3 is:
----Q 
--Q-- 
Q---- 
---Q- 
-Q--- 
Solution number 4 is:
---Q- 
Q---- 
--Q-- 
----Q 
-Q--- 
Solution number 5 is:
----Q 
-Q--- 
---Q- 
Q---- 
--Q-- 
Solution number 6 is:
Q---- 
---Q- 
-Q--- 
----Q 
--Q-- 
Solution number 7 is:
-Q--- 
----Q 
--Q-- 
Q---- 
---Q- 
Solution number 8 is:
Q---- 
--Q-- 
----Q 
-Q--- 
---Q- 
Solution number 9 is:
--Q-- 
Q---- 
---Q- 
-Q--- 
----Q 
Solution number 10 is:
-Q--- 
---Q- 
Q---- 
--Q-- 
----Q 
