1 -> I
2 -> II
3 -> III
4 -> IV
5 -> V
6 -> VI
7 -> VII
8 -> VIII
9 -> IX
10 -> X
11 -> XI
12 -> XII
13 -> XIII
14 -> XIV
15 -> XV
16 -> XVI
17 -> XVII
18 -> XVIII
19 -> XIX
20 -> XX
21 -> XXI
22 -> XXII
23 -> XXIII
24 -> XXIV
25 -> XXV
26 -> XXVI
27 -> XXVII
28 -> XXVIII
29 -> XXIX
30 -> XXX
31 -> XXXI
32 -> XXXII
33 -> XXXIII
34 -> XXXIV
35 -> XXXV
36 -> XXXVI
37 -> XXXVII
38 -> XXXVIII
39 -> XXXIX
40 -> XL
41 -> XLI
42 -> XLII
43 -> XLIII
44 -> XLIV
45 -> XLV
46 -> XLVI
47 -> XLVII
48 -> XLVIII
49 -> XLIX
50 -> L
51 -> LI
52 -> LII
53 -> LIII
54 -> LIV
55 -> LV
56 -> LVI
57 -> LVII
58 -> LVIII
59 -> LIX
60 -> LX
61 -> LXI
62 -> LXII
63 -> LXIII
64 -> LXIV
65 -> LXV
66 -> LXVI
67 -> LXVII
68 -> LXVIII
69 -> LXIX
70 -> LXX
71 -> LXXI
72 -> LXXII
73 -> LXXIII
74 -> LXXIV
75 -> LXXV
76 -> LXXVI
77 -> LXXVII
78 -> LXXVIII
79 -> LXXIX
80 -> LXXX
81 -> LXXXI
82 -> LXXXII
83 -> LXXXIII
84 -> LXXXIV
85 -> LXXXV
86 -> LXXXVI
87 -> LXXXVII
88 -> LXXXVIII
89 -> LXXXIX
90 -> XC
91 -> XCI
92 -> XCII
93 -> XCIII
94 -> XCIV
95 -> XCV
96 -> XCVI
97 -> XCVII
98 -> XCVIII
99 -> XCIX
100 -> C
149 -> CXLIX
150 -> CL
151 -> CLI
480 -> CDLXXX
481 -> CDLXXXI
482 -> CDLXXXII
483 -> CDLXXXIII
484 -> CDLXXXIV
485 -> CDLXXXV
486 -> CDLXXXVI
487 -> CDLXXXVII
488 -> CDLXXXVIII
489 -> CDLXXXIX
490 -> CDXC
491 -> CDXCI
492 -> CDXCII
493 -> CDXCIII
494 -> CDXCIV
495 -> CDXCV
496 -> CDXCVI
497 -> CDXCVII
498 -> CDXCVIII
499 -> CDXCIX
500 -> D
501 -> DI
502 -> DII
503 -> DIII
504 -> DIV
505 -> DV
506 -> DVI
507 -> DVII
508 -> DVIII
509 -> DIX
510 -> DX
511 -> DXI
512 -> DXII
513 -> DXIII
514 -> DXIV
515 -> DXV
516 -> DXVI
517 -> DXVII
518 -> DXVIII
519 -> DXIX
520 -> DXX
1900 -> MCM
1901 -> MCMI
1902 -> MCMII
1903 -> MCMIII
1904 -> MCMIV
1905 -> MCMV
1906 -> MCMVI
1907 -> MCMVII
1908 -> MCMVIII
1909 -> MCMIX
1910 -> MCMX
1911 -> MCMXI
1912 -> MCMXII
1913 -> MCMXIII
1914 -> MCMXIV
1915 -> MCMXV
1916 -> MCMXVI
1917 -> MCMXVII
1918 -> MCMXVIII
1919 -> MCMXIX
1920 -> MCMXX
1921 -> MCMXXI
1922 -> MCMXXII
1923 -> MCMXXIII
1924 -> MCMXXIV
1925 -> MCMXXV
1926 -> MCMXXVI
1927 -> MCMXXVII
1928 -> MCMXXVIII
1929 -> MCMXXIX
1930 -> MCMXXX
1931 -> MCMXXXI
1932 -> MCMXXXII
1933 -> MCMXXXIII
1934 -> MCMXXXIV
1935 -> MCMXXXV
1936 -> MCMXXXVI
1937 -> MCMXXXVII
1938 -> MCMXXXVIII
1939 -> MCMXXXIX
1940 -> MCMXL
1941 -> MCMXLI
1942 -> MCMXLII
1943 -> MCMXLIII
1944 -> MCMXLIV
1945 -> MCMXLV
1946 -> MCMXLVI
1947 -> MCMXLVII
1948 -> MCMXLVIII
1949 -> MCMXLIX
1950 -> MCML
1951 -> MCMLI
1952 -> MCMLII
1953 -> MCMLIII
1954 -> MCMLIV
1955 -> MCMLV
1956 -> MCMLVI
1957 -> MCMLVII
1958 -> MCMLVIII
1959 -> MCMLIX
1960 -> MCMLX
1961 -> MCMLXI
1962 -> MCMLXII
1963 -> MCMLXIII
1964 -> MCMLXIV
1965 -> MCMLXV
1966 -> MCMLXVI
1967 -> MCMLXVII
1968 -> MCMLXVIII
1969 -> MCMLXIX
1970 -> MCMLXX
1971 -> MCMLXXI
1972 -> MCMLXXII
1973 -> MCMLXXIII
1974 -> MCMLXXIV
1975 -> MCMLXXV
1976 -> MCMLXXVI
1977 -> MCMLXXVII
1978 -> MCMLXXVIII
1979 -> MCMLXXIX
1980 -> MCMLXXX
1981 -> MCMLXXXI
1982 -> MCMLXXXII
1983 -> MCMLXXXIII
1984 -> MCMLXXXIV
1985 -> MCMLXXXV
1986 -> MCMLXXXVI
1987 -> MCMLXXXVII
1988 -> MCMLXXXVIII
1989 -> MCMLXXXIX
1990 -> MCMXC
1991 -> MCMXCI
1992 -> MCMXCII
1993 -> MCMXCIII
1994 -> MCMXCIV
1995 -> MCMXCV
1996 -> MCMXCVI
1997 -> MCMXCVII
1998 -> MCMXCVIII
1999 -> MCMXCIX
2000 -> MM
2001 -> MMI
2002 -> MMII
2003 -> MMIII
2004 -> MMIV
2005 -> MMV
2006 -> MMVI
2007 -> MMVII
2008 -> MMVIII
2009 -> MMIX
2010 -> MMX
2011 -> MMXI
2012 -> MMXII
2013 -> MMXIII
2014 -> MMXIV
2015 -> MMXV
2016 -> MMXVI
2017 -> MMXVII
2018 -> MMXVIII
2019 -> MMXIX
2020 -> MMXX
2021 -> MMXXI
2022 -> MMXXII
2023 -> MMXXIII
2024 -> MMXXIV
2025 -> MMXXV
2026 -> MMXXVI
2027 -> MMXXVII
2028 -> MMXXVIII
2029 -> MMXXIX
2030 -> MMXXX
2031 -> MMXXXI
2032 -> MMXXXII
2033 -> MMXXXIII
2034 -> MMXXXIV
2035 -> MMXXXV
2036 -> MMXXXVI
2037 -> MMXXXVII
2038 -> MMXXXVIII
2039 -> MMXXXIX
2040 -> MMXL
2041 -> MMXLI
2042 -> MMXLII
2043 -> MMXLIII
2044 -> MMXLIV
2045 -> MMXLV
2046 -> MMXLVI
2047 -> MMXLVII
2048 -> MMXLVIII
2049 -> MMXLIX
2050 -> MML
2051 -> MMLI
2052 -> MMLII
2053 -> MMLIII
2054 -> MMLIV
2055 -> MMLV
2056 -> MMLVI
2057 -> MMLVII
2058 -> MMLVIII
2059 -> MMLIX
2060 -> MMLX
2061 -> MMLXI
2062 -> MMLXII
2063 -> MMLXIII
2064 -> MMLXIV
2065 -> MMLXV
2066 -> MMLXVI
2067 -> MMLXVII
2068 -> MMLXVIII
2069 -> MMLXIX
2070 -> MMLXX
2071 -> MMLXXI
2072 -> MMLXXII
2073 -> MMLXXIII
2074 -> MMLXXIV
2075 -> MMLXXV
2076 -> MMLXXVI
2077 -> MMLXXVII
2078 -> MMLXXVIII
2079 -> MMLXXIX
2080 -> MMLXXX
2081 -> MMLXXXI
2082 -> MMLXXXII
2083 -> MMLXXXIII
2084 -> MMLXXXIV
2085 -> MMLXXXV
2086 -> MMLXXXVI
2087 -> MMLXXXVII
2088 -> MMLXXXVIII
2089 -> MMLXXXIX
2090 -> MMXC
2091 -> MMXCI
2092 -> MMXCII
2093 -> MMXCIII
2094 -> MMXCIV
2095 -> MMXCV
2096 -> MMXCVI
2097 -> MMXCVII
2098 -> MMXCVIII
2099 -> MMXCIX
2100 -> MMC
