spit.sno:8 stmt 7: C = 'yes', time = xxx
spit.sno:14 stmt 10: B = 'yes!!', time = xxx
spit.sno:14 stmt 10: A = 'yes!!', time = xxx
yes!!
yes!!
42.
0.05
cyan
INTEGER: 17
REAL: 3.14159
TOO BIG
too small
Just Right
spit.sno:53 stmt 38: B = 'yes!!', time = xxx
spit.sno:53 stmt 38: A = 'yes!!', time = xxx
spit.sno:55 stmt 40: C = 'yes!!', time = xxx
spit.sno:56 stmt 41: C = 'yes!!', time = xxx
spit.sno:60 stmt 43: C = 'yes!!', time = xxx
spit.sno:61 stmt 44: C = 'yes!!', time = xxx
spit.sno:62 stmt 45: C = 'yes!!', time = xxx
spit.sno:63 stmt 46: C = 'yes!!', time = xxx
spit.sno:70 stmt 50: B = '!!', time = xxx
spit.sno:74 stmt 52: A = 'yes', time = xxx
all done
