total words: 271
13   that
11   the
10   we
8    to
8    here
7    a
6    and
5    nation
5    can
5    of
5    have
5    for
5    it
5    not
4    this
4    in
4    dedicated
3    are
3    great
3    so
3    who
3    is
3    dead
3    they
3    us
3    shall
3    people
2    our
2    on
2    new
2    conceived
2    men
2    war
2    or
2    long
2    dedicate
2    gave
2    but
2    living
2    far
2    what
2    rather
2    be
2    which
2    from
2    these
2    devotion
1    four
1    score
1    seven
1    years
1    ago
1    fathers
1    brought
1    forth
1    continent
1    liberty
1    proposition
1    all
1    created
1    equal
1    now
1    engaged
1    civil
1    testing
1    whether
1    any
1    endure
1    met
1    battlefield
1    come
1    portion
1    field
1    as
1    final
1    resting
1    place
1    those
1    their
1    lives
1    might
1    live
1    altogether
1    fitting
1    proper
1    should
1    do
1    larger
1    sense
1    consecrate
1    hallow
1    ground
1    brave
1    struggled
1    consecrated
1    above
1    poor
1    power
1    add
1    detract
1    world
1    will
1    little
1    note
1    nor
1    remember
1    say
1    never
1    forget
1    did
1    unfinished
1    work
1    fought
1    thus
1    nobly
1    advanced
1    task
1    remaining
1    before
1    honored
1    take
1    increased
1    cause
1    last
1    full
1    measure
1    highly
1    resolve
1    died
1    vain
1    under
1    god
1    birth
1    freedom
1    government
1    by
1    perish
1    earth
a              7
above          1
add            1
advanced       1
ago            1
all            1
altogether     1
and            6
any            1
are            3
as             1
battlefield    1
be             2
before         1
birth          1
brave          1
brought        1
but            2
by             1
can            5
cause          1
civil          1
come           1
conceived      2
consecrate     1
consecrated    1
continent      1
created        1
dead           3
dedicate       2
dedicated      4
detract        1
devotion       2
did            1
died           1
do             1
earth          1
endure         1
engaged        1
equal          1
far            2
fathers        1
field          1
final          1
fitting        1
for            5
forget         1
forth          1
fought         1
four           1
freedom        1
from           2
full           1
gave           2
god            1
government     1
great          3
ground         1
hallow         1
have           5
here           8
highly         1
honored        1
in             4
increased      1
is             3
it             5
larger         1
last           1
liberty        1
little         1
live           1
lives          1
living         2
long           2
measure        1
men            2
met            1
might          1
nation         5
never          1
new            2
nobly          1
nor            1
not            5
note           1
now            1
of             5
on             2
or             2
our            2
people         3
perish         1
place          1
poor           1
portion        1
power          1
proper         1
proposition    1
rather         2
remaining      1
remember       1
resolve        1
resting        1
say            1
score          1
sense          1
seven          1
shall          3
should         1
so             3
struggled      1
take           1
task           1
testing        1
that           13
the            11
their          1
these          2
they           3
this           4
those          1
thus           1
to             8
under          1
unfinished     1
us             3
vain           1
war            2
we             10
what           2
whether        1
which          2
who            3
will           1
work           1
world          1
years          1
